%s:10 PhanUnusedPublicNoOverrideMethodParameter Parameter $x is never used
%s:29 PhanCompatibleArrowFunction Cannot use arrow functions before php 7.4 in (fn)
%s:30 PhanUndeclaredConstant Reference to undeclared constant \MISSING_CONSTANT. This will cause a thrown Error in php 8.0+.
%s:34 PhanCompatibleArrowFunction Cannot use arrow functions before php 7.4 in (fn)
%s:35 PhanPluginUseReturnValueKnown Expected to use the return value of the user-defined function/method Closure(int $x) defined at %s:29
%s:36 PhanPluginUseReturnValueKnown Expected to use the return value of the user-defined function/method Closure() defined at %s:34
